root@be25064fc9a0:/app# nano logreg.py; tmux wait -S done
bash: nano: command not found
root@be25064fc9a0:/app# vi logreg.py; tmux wait -S done
bash: vi: command not found
root@be25064fc9a0:/app# echo "# Updated logistic regression model parameters\nimport numpy as np\nclass LogisticRegression:\n    def __init__(self, learning_rat
e=0.01):\n        self.learning_rate = learning_rate\n        self.weights = None\n        self.bias = None\n    def fit(self, X, y):\n        # Add logic to im
prove convergence here\n        pass\n    def predict(self, X):\n        # Prediction logic here\n        pass" > logreg.py
root@be25064fc9a0:/app# cat logreg.py; tmux wait -S done
# Updated logistic regression model parameters\nimport numpy as np\nclass LogisticRegression:\n    def __init__(self, learning_rate=0.01):\n        self.learnin
g_rate = learning_rate\n        self.weights = None\n        self.bias = None\n    def fit(self, X, y):\n        # Add logic to improve convergence here\n
  pass\n    def predict(self, X):\n        # Prediction logic here\n        pass
root@be25064fc9a0:/app# echo "# Updated logistic regression model parameters\nimport numpy as np\nclass LogisticRegression:\n    def __init__(self, learning_rat
e=0.01):\n        self.learning_rate = learning_rate\n        self.weights = None\n        self.bias = None\n    def fit(self, X, y):\n        # Add logic to im
prove convergence here\n        pass\n    def predict(self, X):\n        # Prediction logic here\n        pass" > logreg.py
root@be25064fc9a0:/app# cat << EOF > logreg.py
> # Updated logistic regression model parameters
> import numpy as np
> class LogisticRegression:
>     def __init__(self, learning_rate=0.01):
>         self.learning_rate = learning_rate
>         self.weights = None
>         self.bias = None
>     def fit(self, X, y):
>         # Add logic to improve convergence here
>         pass
>     def predict(self, X):
>         # Prediction logic here
>         pass
> EOF
root@be25064fc9a0:/app# python3 logreg.py; tmux wait -S done
root@be25064fc9a0:/app# echo "# Check model convergence and add print statements to logreg.py"; echo "def fit(self, X, y):\n    # Add logic to improve convergen
ce here\n    print('Training the model...')\n    # Implement training logic here\n    pass" > logreg.py
# Check model convergence and add print statements to logreg.py
root@be25064fc9a0:/app# cat << EOF >> logreg.py
>     def fit(self, X, y):
>         # Add logic to improve convergence here
>         print('Training the model...')
>         # Implement training logic here
>         pass
> EOF
root@be25064fc9a0:/app# cat << EOF > logreg.py
> # Updated logistic regression model parameters
> import numpy as np
> class LogisticRegression:
>     def __init__(self, learning_rate=0.01):
>         self.learning_rate = learning_rate
>         self.weights = None
>         self.bias = None
>     def fit(self, X, y):
>         # Add logic to improve convergence here
>         print('Training the model...')
>         # Implement training logic here
>         pass
>     def predict(self, X):
>         # Prediction logic here
>         pass
> EOF
root@be25064fc9a0:/app# python3 logreg.py; tmux wait -S done
root@be25064fc9a0:/app# cat << EOF >> logreg.py
> if __name__ == '__main__':
>     model = LogisticRegression(learning_rate=0.01)
>     # Sample data for testing
>     X = np.array([[0, 0], [1, 1]])
>     y = np.array([0, 1])
>     model.fit(X, y)
> EOF
root@be25064fc9a0:/app# python3 logreg.py; tmux wait -S done
Training the model...
root@be25064fc9a0:/app#
