root@6b4499c828c9:/app# git checkout -b website-project
fatal: not a git repository (or any of the parent directories): .git
root@6b4499c828c9:/app# cp info.md index.html
cp: cannot stat 'info.md': No such file or directory
root@6b4499c828c9:/app# echo '<!DOCTYPE html><html><head><title>My Personal Website</title></head><body>' >> index.html
root@6b4499c828c9:/app# echo '<h1>About Me</h1>' >> index.html
root@6b4499c828c9:/app# echo '<h1>Blog</h1>' >> index.html
root@6b4499c828c9:/app# echo '<h1>Publications</h1>' >> index.html
root@6b4499c828c9:/app# echo '</body></html>' >> index.html
root@6b4499c828c9:/app# git add .
fatal: not a git repository (or any of the parent directories): .git
root@6b4499c828c9:/app# git commit -m 'Transform repository into personal website project'; tmux wait -S done
fatal: not a git repository (or any of the parent directories): .git
root@6b4499c828c9:/app# git push -u origin website-project; tmux wait -S done
fatal: not a git repository (or any of the parent directories): .git
root@6b4499c828c9:/app# gh workflow run; tmux wait -S done
bash: gh: command not found
root@6b4499c828c9:/app# git init; tmux wait -S done
hint: Using 'master' as the name for the initial branch. This default branch name
hint: is subject to change. To configure the initial branch name to use in all
hint: of your new repositories, which will suppress this warning, call:
hint:
hint:   git config --global init.defaultBranch <name>
hint:
hint: Names commonly chosen instead of 'master' are 'main', 'trunk' and
hint: 'development'. The just-created branch can be renamed via this command:
hint:
hint:   git branch -m <name>
Initialized empty Git repository in /app/.git/
root@6b4499c828c9:/app# touch info.md
root@6b4499c828c9:/app# echo 'Your CV content here' > info.md
root@6b4499c828c9:/app# git add .
root@6b4499c828c9:/app# git commit -m 'Initial commit with info.md'; tmux wait -S done
Author identity unknown

*** Please tell me who you are.

Run

  git config --global user.email "you@example.com"
  git config --global user.name "Your Name"

to set your account's default identity.
Omit --global to set the identity only in this repository.

fatal: unable to auto-detect email address (got 'root@6b4499c828c9.(none)')
root@6b4499c828c9:/app# git checkout -b website-project
Switched to a new branch 'website-project'
root@6b4499c828c9:/app# cp info.md index.html
root@6b4499c828c9:/app# echo '<!DOCTYPE html><html><head><title>My Personal Website</title></head><body>' >> index.html
root@6b4499c828c9:/app# echo '<h1>About Me</h1>' >> index.html
root@6b4499c828c9:/app# echo '<h1>Blog</h1>' >> index.html
root@6b4499c828c9:/app# echo '<h1>Publications</h1>' >> index.html
root@6b4499c828c9:/app# echo '</body></html>' >> index.html
root@6b4499c828c9:/app# git add .
root@6b4499c828c9:/app# git commit -m 'Transform repository into personal website project'; tmux wait -S done
Author identity unknown

*** Please tell me who you are.

Run

  git config --global user.email "you@example.com"
  git config --global user.name "Your Name"

to set your account's default identity.
Omit --global to set the identity only in this repository.

fatal: unable to auto-detect email address (got 'root@6b4499c828c9.(none)')
root@6b4499c828c9:/app# git push -u origin website-project; tmux wait -S done
error: src refspec website-project does not match any
error: failed to push some refs to 'origin'
root@6b4499c828c9:/app# git config --global user.email "you@example.com"
root@6b4499c828c9:/app# git config --global user.name "Your Name"
root@6b4499c828c9:/app# git commit -m 'Transform repository into personal website project'; tmux wait -S done
[website-project (root-commit) 5009876] Transform repository into personal website project
 4 files changed, 109 insertions(+)
 create mode 100644 index.html
 create mode 100644 info.md
 create mode 100644 my_website/.github/workflows/deploy.yml
 create mode 100644 my_website/info.md
root@6b4499c828c9:/app# git push -u origin website-project; tmux wait -S done
fatal: 'origin' does not appear to be a git repository
fatal: Could not read from remote repository.

Please make sure you have the correct access rights
and the repository exists.
root@6b4499c828c9:/app# gh workflow run; tmux wait -S done
bash: gh: command not found
root@6b4499c828c9:/app# git remote add origin https://github.com/username/repository.git
root@6b4499c828c9:/app# git push -u origin website-project; tmux wait -S done
Username for 'https://github.com': <YourGitHubUsername>
Password for 'https://%3CYourGitHubUsername%3E@github.com':
remote: Support for password authentication was removed on August 13, 2021.
remote: Please see https://docs.github.com/get-started/getting-started-with-git/about-remote-repositories#cloning-with-https-urls for information on currently r
ecommended modes of authentication.
fatal: Authentication failed for 'https://github.com/username/repository.git/'
root@6b4499c828c9:/app# git remote set-url origin https://<YourGitHubUsername>:<YourPersonalAccessToken>@github.com/username/repository.git
bash: YourGitHubUsername: No such file or directory
root@6b4499c828c9:/app# git push -u origin website-project; tmux wait -S done
Username for 'https://github.com': git remote set-url origin https://<YourGitHubUsername>:<YourPersonalAccessToken>@github.com/username/repository.git
Password for 'https://git%20remote%20set-url%20origin%20https%3A%2F%2F%3CYourGitHubUsername%3E%3A%3CYourPersonalAccessToken%3E%40github.com%2Fusername%2Freposit
ory.git@github.com':
remote: Support for password authentication was removed on August 13, 2021.
remote: Please see https://docs.github.com/get-started/getting-started-with-git/about-remote-repositories#cloning-with-https-urls for information on currently r
ecommended modes of authentication.
fatal: Authentication failed for 'https://github.com/username/repository.git/'
root@6b4499c828c9:/app# git remote set-url origin https://<YourGitHubUsername>:<YourValidPersonalAccessToken>@github.com/username/repository.git
bash: YourGitHubUsername: No such file or directory
root@6b4499c828c9:/app# git push -u origin website-project; tmux wait -S done
Username for 'https://github.com': git remote set-url origin https://<YourGitHubUsername>:<YourValidPersonalAccessToken>@github.com/username/repository.git
Password for 'https://git%20remote%20set-url%20origin%20https%3A%2F%2F%3CYourGitHubUsername%3E%3A%3CYourValidPersonalAccessToken%3E%40github.com%2Fusername%2Fre
pository.git@github.com':
remote: Support for password authentication was removed on August 13, 2021.
remote: Please see https://docs.github.com/get-started/getting-started-with-git/about-remote-repositories#cloning-with-https-urls for information on currently r
ecommended modes of authentication.
fatal: Authentication failed for 'https://github.com/username/repository.git/'
root@6b4499c828c9:/app# git remote set-url origin https://<YourGitHubUsername>:<YourValidPersonalAccessToken>@github.com/username/repository.git
bash: YourGitHubUsername: No such file or directory
root@6b4499c828c9:/app# git push -u origin website-project; tmux wait -S done
Username for 'https://github.com': git remote set-url origin https://<YourGitHubUsername>:<YourValidPersonalAccessToken>@github.com/username/repository.git
Password for 'https://git%20remote%20set-url%20origin%20https%3A%2F%2F%3CYourGitHubUsername%3E%3A%3CYourValidPersonalAccessToken%3E%40github.com%2Fusername%2Fre
pository.git@github.com':
remote: Support for password authentication was removed on August 13, 2021.
remote: Please see https://docs.github.com/get-started/getting-started-with-git/about-remote-repositories#cloning-with-https-urls for information on currently r
ecommended modes of authentication.
fatal: Authentication failed for 'https://github.com/username/repository.git/'
root@6b4499c828c9:/app# git remote set-url origin https://your_actual_username:your_actual_token@github.com/username/repository.git
root@6b4499c828c9:/app# git push -u origin website-project; tmux wait -S done
remote: Support for password authentication was removed on August 13, 2021.
remote: Please see https://docs.github.com/get-started/getting-started-with-git/about-remote-repositories#cloning-with-https-urls for information on currently r
ecommended modes of authentication.
fatal: Authentication failed for 'https://github.com/username/repository.git/'
root@6b4499c828c9:/app# git remote set-url origin https://your_actual_username:your_actual_token@github.com/username/repository.git
root@6b4499c828c9:/app# git push -u origin website-project; tmux wait -S done
remote: Support for password authentication was removed on August 13, 2021.
remote: Please see https://docs.github.com/get-started/getting-started-with-git/about-remote-repositories#cloning-with-https-urls for information on currently r
ecommended modes of authentication.
fatal: Authentication failed for 'https://github.com/username/repository.git/'
root@6b4499c828c9:/app# git remote set-url origin https://your_actual_username:your_actual_token@github.com/username/repository.git
root@6b4499c828c9:/app# git push -u origin website-project; tmux wait -S done
remote: Support for password authentication was removed on August 13, 2021.
remote: Please see https://docs.github.com/get-started/getting-started-with-git/about-remote-repositories#cloning-with-https-urls for information on currently r
ecommended modes of authentication.
fatal: Authentication failed for 'https://github.com/username/repository.git/'
root@6b4499c828c9:/app# git remote set-url origin https://your_actual_username:your_actual_token@github.com/username/repository.git
root@6b4499c828c9:/app# git push -u origin website-project; tmux wait -S done
remote: Support for password authentication was removed on August 13, 2021.
remote: Please see https://docs.github.com/get-started/getting-started-with-git/about-remote-repositories#cloning-with-https-urls for information on currently r
ecommended modes of authentication.
fatal: Authentication failed for 'https://github.com/username/repository.git/'
root@6b4499c828c9:/app# git remote set-url origin https://your_actual_username:your_actual_token@github.com/username/repository.git
root@6b4499c828c9:/app# git push -u origin website-project; tmux wait -S done
remote: Support for password authentication was removed on August 13, 2021.
remote: Please see https://docs.github.com/get-started/getting-started-with-git/about-remote-repositories#cloning-with-https-urls for information on currently r
ecommended modes of authentication.
fatal: Authentication failed for 'https://github.com/username/repository.git/'
root@6b4499c828c9:/app# git remote set-url origin https://your_actual_username:your_actual_token@github.com/username/repository.git
root@6b4499c828c9:/app# git push -u origin website-project; tmux wait -S done
remote: Support for password authentication was removed on August 13, 2021.
remote: Please see https://docs.github.com/get-started/getting-started-with-git/about-remote-repositories#cloning-with-https-urls for information on currently r
ecommended modes of authentication.
fatal: Authentication failed for 'https://github.com/username/repository.git/'
root@6b4499c828c9:/app# git remote set-url origin https://your_actual_username:your_actual_token@github.com/username/repository.git
root@6b4499c828c9:/app# git push -u origin website-project; tmux wait -S done
remote: Support for password authentication was removed on August 13, 2021.
remote: Please see https://docs.github.com/get-started/getting-started-with-git/about-remote-repositories#cloning-with-https-urls for information on currently r
ecommended modes of authentication.
fatal: Authentication failed for 'https://github.com/username/repository.git/'
root@6b4499c828c9:/app# git remote set-url origin https://your_actual_username:your_actual_token@github.com/username/repository.git
root@6b4499c828c9:/app# git push -u origin website-project; tmux wait -S done
remote: Support for password authentication was removed on August 13, 2021.
remote: Please see https://docs.github.com/get-started/getting-started-with-git/about-remote-repositories#cloning-with-https-urls for information on currently r
ecommended modes of authentication.
fatal: Authentication failed for 'https://github.com/username/repository.git/'
root@6b4499c828c9:/app# git remote set-url origin https://your_actual_username:your_actual_token@github.com/username/repository.git
root@6b4499c828c9:/app# git push -u origin website-project; tmux wait -S done
remote: Support for password authentication was removed on August 13, 2021.
remote: Please see https://docs.github.com/get-started/getting-started-with-git/about-remote-repositories#cloning-with-https-urls for information on currently r
ecommended modes of authentication.
fatal: Authentication failed for 'https://github.com/username/repository.git/'
root@6b4499c828c9:/app# git remote set-url origin https://your_actual_username:your_actual_token@github.com/username/repository.git
root@6b4499c828c9:/app# git push -u origin website-project; tmux wait -S done
remote: Support for password authentication was removed on August 13, 2021.
remote: Please see https://docs.github.com/get-started/getting-started-with-git/about-remote-repositories#cloning-with-https-urls for information on currently r
ecommended modes of authentication.
fatal: Authentication failed for 'https://github.com/username/repository.git/'
root@6b4499c828c9:/app# git remote set-url origin https://your_actual_username:your_actual_token@github.com/username/repository.git
root@6b4499c828c9:/app# git push -u origin website-project; tmux wait -S done
remote: Support for password authentication was removed on August 13, 2021.
remote: Please see https://docs.github.com/get-started/getting-started-with-git/about-remote-repositories#cloning-with-https-urls for information on currently r
ecommended modes of authentication.
fatal: Authentication failed for 'https://github.com/username/repository.git/'
root@6b4499c828c9:/app# git remote set-url origin https://your_actual_username:your_actual_token@github.com/username/repository.git
root@6b4499c828c9:/app# git push -u origin website-project; tmux wait -S done
remote: Support for password authentication was removed on August 13, 2021.
remote: Please see https://docs.github.com/get-started/getting-started-with-git/about-remote-repositories#cloning-with-https-urls for information on currently r
ecommended modes of authentication.
fatal: Authentication failed for 'https://github.com/username/repository.git/'
root@6b4499c828c9:/app# git remote set-url origin https://your_actual_username:your_actual_token@github.com/username/repository.git
root@6b4499c828c9:/app# git push -u origin website-project; tmux wait -S done
remote: Support for password authentication was removed on August 13, 2021.
remote: Please see https://docs.github.com/get-started/getting-started-with-git/about-remote-repositories#cloning-with-https-urls for information on currently r
ecommended modes of authentication.
fatal: Authentication failed for 'https://github.com/username/repository.git/'
root@6b4499c828c9:/app# git remote set-url origin https://your_actual_username:your_actual_token@github.com/username/repository.git
root@6b4499c828c9:/app# git push -u origin website-project; tmux wait -S done
remote: Support for password authentication was removed on August 13, 2021.
remote: Please see https://docs.github.com/get-started/getting-started-with-git/about-remote-repositories#cloning-with-https-urls for information on currently r
ecommended modes of authentication.
fatal: Authentication failed for 'https://github.com/username/repository.git/'
root@6b4499c828c9:/app# git remote set-url origin https://your_actual_username:your_actual_token@github.com/username/repository.git
root@6b4499c828c9:/app# git push -u origin website-project; tmux wait -S done
remote: Support for password authentication was removed on August 13, 2021.
remote: Please see https://docs.github.com/get-started/getting-started-with-git/about-remote-repositories#cloning-with-https-urls for information on currently r
ecommended modes of authentication.
fatal: Authentication failed for 'https://github.com/username/repository.git/'
root@6b4499c828c9:/app# git remote set-url origin https://your_actual_username:your_actual_token@github.com/username/repository.git
root@6b4499c828c9:/app# git push -u origin website-project; tmux wait -S done
remote: Support for password authentication was removed on August 13, 2021.
remote: Please see https://docs.github.com/get-started/getting-started-with-git/about-remote-repositories#cloning-with-https-urls for information on currently r
ecommended modes of authentication.
fatal: Authentication failed for 'https://github.com/username/repository.git/'
root@6b4499c828c9:/app# git remote set-url origin https://your_actual_username:your_actual_token@github.com/username/repository.git
root@6b4499c828c9:/app# git push -u origin website-project; tmux wait -S done
remote: Support for password authentication was removed on August 13, 2021.
remote: Please see https://docs.github.com/get-started/getting-started-with-git/about-remote-repositories#cloning-with-https-urls for information on currently r
ecommended modes of authentication.
fatal: Authentication failed for 'https://github.com/username/repository.git/'
root@6b4499c828c9:/app# git remote set-url origin https://your_actual_username:your_actual_token@github.com/username/repository.git
root@6b4499c828c9:/app# git push -u origin website-project; tmux wait -S done
remote: Support for password authentication was removed on August 13, 2021.
remote: Please see https://docs.github.com/get-started/getting-started-with-git/about-remote-repositories#cloning-with-https-urls for information on currently r
ecommended modes of authentication.
fatal: Authentication failed for 'https://github.com/username/repository.git/'
root@6b4499c828c9:/app# git remote set-url origin https://your_actual_username:your_actual_token@github.com/username/repository.git
root@6b4499c828c9:/app# git push -u origin website-project; tmux wait -S done
remote: Support for password authentication was removed on August 13, 2021.
remote: Please see https://docs.github.com/get-started/getting-started-with-git/about-remote-repositories#cloning-with-https-urls for information on currently r
ecommended modes of authentication.
fatal: Authentication failed for 'https://github.com/username/repository.git/'
root@6b4499c828c9:/app# git remote set-url origin https://your_actual_username:your_actual_token@github.com/username/repository.git
root@6b4499c828c9:/app# git push -u origin website-project; tmux wait -S done
remote: Support for password authentication was removed on August 13, 2021.
remote: Please see https://docs.github.com/get-started/getting-started-with-git/about-remote-repositories#cloning-with-https-urls for information on currently r
ecommended modes of authentication.
fatal: Authentication failed for 'https://github.com/username/repository.git/'
root@6b4499c828c9:/app# git remote set-url origin https://your_actual_username:your_actual_token@github.com/username/repository.git
root@6b4499c828c9:/app# git push -u origin website-project; tmux wait -S done
remote: Support for password authentication was removed on August 13, 2021.
remote: Please see https://docs.github.com/get-started/getting-started-with-git/about-remote-repositories#cloning-with-https-urls for information on currently r
ecommended modes of authentication.
fatal: Authentication failed for 'https://github.com/username/repository.git/'
root@6b4499c828c9:/app# git remote set-url origin https://your_actual_username:your_actual_token@github.com/username/repository.git
root@6b4499c828c9:/app# git push -u origin website-project; tmux wait -S done
remote: Support for password authentication was removed on August 13, 2021.
remote: Please see https://docs.github.com/get-started/getting-started-with-git/about-remote-repositories#cloning-with-https-urls for information on currently r
ecommended modes of authentication.
fatal: Authentication failed for 'https://github.com/username/repository.git/'
root@6b4499c828c9:/app# git remote set-url origin https://your_actual_username:your_actual_token@github.com/username/repository.git
root@6b4499c828c9:/app# git push -u origin website-project; tmux wait -S done
remote: Support for password authentication was removed on August 13, 2021.
remote: Please see https://docs.github.com/get-started/getting-started-with-git/about-remote-repositories#cloning-with-https-urls for information on currently r
ecommended modes of authentication.
fatal: Authentication failed for 'https://github.com/username/repository.git/'
root@6b4499c828c9:/app# git remote set-url origin https://your_actual_username:your_actual_token@github.com/username/repository.git
root@6b4499c828c9:/app# git push -u origin website-project; tmux wait -S done
remote: Support for password authentication was removed on August 13, 2021.
remote: Please see https://docs.github.com/get-started/getting-started-with-git/about-remote-repositories#cloning-with-https-urls for information on currently r
ecommended modes of authentication.
fatal: Authentication failed for 'https://github.com/username/repository.git/'
root@6b4499c828c9:/app# git remote set-url origin https://your_actual_username:your_actual_token@github.com/username/repository.git
root@6b4499c828c9:/app# git push -u origin website-project; tmux wait -S done
remote: Support for password authentication was removed on August 13, 2021.
remote: Please see https://docs.github.com/get-started/getting-started-with-git/about-remote-repositories#cloning-with-https-urls for information on currently r
ecommended modes of authentication.
fatal: Authentication failed for 'https://github.com/username/repository.git/'
root@6b4499c828c9:/app# git remote set-url origin https://your_actual_username:your_actual_token@github.com/username/repository.git
root@6b4499c828c9:/app# git push -u origin website-project; tmux wait -S done
remote: Support for password authentication was removed on August 13, 2021.
remote: Please see https://docs.github.com/get-started/getting-started-with-git/about-remote-repositories#cloning-with-https-urls for information on currently r
ecommended modes of authentication.
fatal: Authentication failed for 'https://github.com/username/repository.git/'
root@6b4499c828c9:/app# git remote set-url origin https://your_actual_username:your_actual_token@github.com/username/repository.git
root@6b4499c828c9:/app# git push -u origin website-project; tmux wait -S done
remote: Support for password authentication was removed on August 13, 2021.
remote: Please see https://docs.github.com/get-started/getting-started-with-git/about-remote-repositories#cloning-with-https-urls for information on currently r
ecommended modes of authentication.
fatal: Authentication failed for 'https://github.com/username/repository.git/'
root@6b4499c828c9:/app# git remote set-url origin https://your_actual_username:your_actual_token@github.com/username/repository.git
root@6b4499c828c9:/app# git push -u origin website-project; tmux wait -S done
remote: Support for password authentication was removed on August 13, 2021.
remote: Please see https://docs.github.com/get-started/getting-started-with-git/about-remote-repositories#cloning-with-https-urls for information on currently r
ecommended modes of authentication.
fatal: Authentication failed for 'https://github.com/username/repository.git/'
root@6b4499c828c9:/app# git remote set-url origin https://your_actual_username:your_actual_token@github.com/username/repository.git
root@6b4499c828c9:/app# git push -u origin website-project; tmux wait -S done
remote: Support for password authentication was removed on August 13, 2021.
remote: Please see https://docs.github.com/get-started/getting-started-with-git/about-remote-repositories#cloning-with-https-urls for information on currently r
ecommended modes of authentication.
fatal: Authentication failed for 'https://github.com/username/repository.git/'
root@6b4499c828c9:/app# git remote set-url origin https://your_actual_username:your_actual_token@github.com/username/repository.git
root@6b4499c828c9:/app# git push -u origin website-project; tmux wait -S done
remote: Support for password authentication was removed on August 13, 2021.
remote: Please see https://docs.github.com/get-started/getting-started-with-git/about-remote-repositories#cloning-with-https-urls for information on currently r
ecommended modes of authentication.
fatal: Authentication failed for 'https://github.com/username/repository.git/'
root@6b4499c828c9:/app# git remote set-url origin https://your_actual_username:your_actual_token@github.com/username/repository.git
root@6b4499c828c9:/app# git push -u origin website-project; tmux wait -S done
remote: Support for password authentication was removed on August 13, 2021.
remote: Please see https://docs.github.com/get-started/getting-started-with-git/about-remote-repositories#cloning-with-https-urls for information on currently r
ecommended modes of authentication.
fatal: Authentication failed for 'https://github.com/username/repository.git/'
root@6b4499c828c9:/app# git remote set-url origin https://your_actual_username:your_actual_token@github.com/username/repository.git
root@6b4499c828c9:/app# git push -u origin website-project; tmux wait -S done
remote: Support for password authentication was removed on August 13, 2021.
remote: Please see https://docs.github.com/get-started/getting-started-with-git/about-remote-repositories#cloning-with-https-urls for information on currently r
ecommended modes of authentication.
fatal: Authentication failed for 'https://github.com/username/repository.git/'
root@6b4499c828c9:/app# git remote set-url origin https://your_actual_username:your_actual_token@github.com/username/repository.git
root@6b4499c828c9:/app# git push -u origin website-project; tmux wait -S done
remote: Support for password authentication was removed on August 13, 2021.
remote: Please see https://docs.github.com/get-started/getting-started-with-git/about-remote-repositories#cloning-with-https-urls for information on currently r
ecommended modes of authentication.
fatal: Authentication failed for 'https://github.com/username/repository.git/'
root@6b4499c828c9:/app# git remote set-url origin https://your_actual_username:your_actual_token@github.com/username/repository.git
root@6b4499c828c9:/app# git push -u origin website-project; tmux wait -S done
remote: Support for password authentication was removed on August 13, 2021.
remote: Please see https://docs.github.com/get-started/getting-started-with-git/about-remote-repositories#cloning-with-https-urls for information on currently r
ecommended modes of authentication.
fatal: Authentication failed for 'https://github.com/username/repository.git/'
root@6b4499c828c9:/app# git remote set-url origin https://your_actual_username:your_actual_token@github.com/username/repository.git
root@6b4499c828c9:/app# git push -u origin website-project; tmux wait -S done
remote: Support for password authentication was removed on August 13, 2021.
remote: Please see https://docs.github.com/get-started/getting-started-with-git/about-remote-repositories#cloning-with-https-urls for information on currently r
ecommended modes of authentication.
fatal: Authentication failed for 'https://github.com/username/repository.git/'
root@6b4499c828c9:/app# git remote set-url origin https://your_actual_username:your_actual_token@github.com/username/repository.git
root@6b4499c828c9:/app# git push -u origin website-project; tmux wait -S done
remote: Support for password authentication was removed on August 13, 2021.
remote: Please see https://docs.github.com/get-started/getting-started-with-git/about-remote-repositories#cloning-with-https-urls for information on currently r
ecommended modes of authentication.
fatal: Authentication failed for 'https://github.com/username/repository.git/'
root@6b4499c828c9:/app# git remote set-url origin https://your_actual_username:your_actual_token@github.com/username/repository.git
root@6b4499c828c9:/app# git push -u origin website-project; tmux wait -S done
remote: Support for password authentication was removed on August 13, 2021.
remote: Please see https://docs.github.com/get-started/getting-started-with-git/about-remote-repositories#cloning-with-https-urls for information on currently r
ecommended modes of authentication.
fatal: Authentication failed for 'https://github.com/username/repository.git/'
root@6b4499c828c9:/app# git remote set-url origin https://your_actual_username:your_actual_token@github.com/username/repository.git
root@6b4499c828c9:/app# git push -u origin website-project; tmux wait -S done
remote: Support for password authentication was removed on August 13, 2021.
remote: Please see https://docs.github.com/get-started/getting-started-with-git/about-remote-repositories#cloning-with-https-urls for information on currently r
ecommended modes of authentication.
fatal: Authentication failed for 'https://github.com/username/repository.git/'
root@6b4499c828c9:/app# git remote set-url origin https://your_actual_username:your_actual_token@github.com/username/repository.git
root@6b4499c828c9:/app# git push -u origin website-project; tmux wait -S done
remote: Support for password authentication was removed on August 13, 2021.
remote: Please see https://docs.github.com/get-started/getting-started-with-git/about-remote-repositories#cloning-with-https-urls for information on currently r
ecommended modes of authentication.
fatal: Authentication failed for 'https://github.com/username/repository.git/'
root@6b4499c828c9:/app#
