root@bf7a47537037:/app# nano src/Makefile; tmux wait -S done
bash: nano: command not found
root@bf7a47537037:/app# C-x C-s
bash: C-x: command not found
root@bf7a47537037:/app# C-x C-c
bash: C-x: command not found
root@bf7a47537037:/app# make; tmux wait -S done
make: *** No targets specified and no makefile found.  Stop.
root@bf7a47537037:/app# ./test_program; tmux wait -S done
bash: ./test_program: No such file or directory
root@bf7a47537037:/app# vi src/Makefile; tmux wait -S done
bash: vi: command not found
root@bf7a47537037:/app# make; tmux wait -S done
make: *** No targets specified and no makefile found.  Stop.
root@bf7a47537037:/app# ./test_program; tmux wait -S done
bash: ./test_program: No such file or directory
root@bf7a47537037:/app# echo 'FC=gfortran
> OBJ=my_lib.o test_main.o
> all:
> src/nmake $(OBJ)
> src/$(FC) -o test_program $(OBJ)
> my_lib.o: my_lib.f90
> src/$(FC) -c my_lib.f90
> test_main.o: test_main.f90
> src/$(FC) -c test_main.f90
> clean:
> src/rm -f *.o test_program' > src/Makefile
root@bf7a47537037:/app# make -C src; tmux wait -S done
make: Entering directory '/app/src'
Makefile:4: *** missing separator.  Stop.
make: Leaving directory '/app/src'
root@bf7a47537037:/app# ./src/test_program; tmux wait -S done
bash: ./src/test_program: No such file or directory
root@bf7a47537037:/app# echo -e 'FC=gfortran
> OBJ=my_lib.o test_main.o
> all:
> \t$(FC) -o test_program $(OBJ)
> my_lib.o: my_lib.f90
> \t$(FC) -c my_lib.f90
> test_main.o: test_main.f90
> \t$(FC) -c test_main.f90
> clean:
> \trm -f *.o test_program' > src/Makefile
root@bf7a47537037:/app# make -C src; tmux wait -S done
make: Entering directory '/app/src'
gfortran -o test_program my_lib.o test_main.o
/usr/bin/ld: cannot find my_lib.o: No such file or directory
/usr/bin/ld: cannot find test_main.o: No such file or directory
collect2: error: ld returned 1 exit status
make: *** [Makefile:4: all] Error 1
make: Leaving directory '/app/src'
root@bf7a47537037:/app# ./src/test_program; tmux wait -S done
bash: ./src/test_program: No such file or directory
root@bf7a47537037:/app# echo -e 'FC=gfortran
> OBJ=my_lib.o test_main.o
> all: $(OBJ)
> \t$(FC) -o test_program $(OBJ)
> my_lib.o: my_lib.f90
> \t$(FC) -c my_lib.f90
> test_main.o: test_main.f90
> \t$(FC) -c test_main.f90
> clean:
> \trm -f *.o test_program' > src/Makefile
root@bf7a47537037:/app# make -C src; tmux wait -S done
make: Entering directory '/app/src'
gfortran -c my_lib.f90
gfortran -c test_main.f90
gfortran -o test_program my_lib.o test_main.o
make: Leaving directory '/app/src'
root@bf7a47537037:/app# ./src/test_program; tmux wait -S done
root@bf7a47537037:/app#
