root@82d0bff62db8:/app# nano src/Makefile; tmux wait -S done
bash: nano: command not found
root@82d0bff62db8:/app# C-x C-s
bash: C-x: command not found
root@82d0bff62db8:/app# C-x C-c
bash: C-x: command not found
root@82d0bff62db8:/app# make; tmux wait -S done
make: *** No targets specified and no makefile found.  Stop.
root@82d0bff62db8:/app# ./test_program; tmux wait -S done
bash: ./test_program: No such file or directory
root@82d0bff62db8:/app# vi src/Makefile; tmux wait -S done
bash: vi: command not found
root@82d0bff62db8:/app# make; tmux wait -S done
make: *** No targets specified and no makefile found.  Stop.
root@82d0bff62db8:/app# ./test_program; tmux wait -S done
bash: ./test_program: No such file or directory
root@82d0bff62db8:/app# echo 'FC=gfortran
> OBJ=my_lib.o test_main.o
> all:
> src/nmake $(OBJ)
> src/$(FC) -o test_program $(OBJ)
> my_lib.o: my_lib.f90
> src/$(FC) -c my_lib.f90
> test_main.o: test_main.f90
> src/$(FC) -c test_main.f90
> clean:
> src/rm -f *.o test_program' > src/Makefile
root@82d0bff62db8:/app# make -C src; tmux wait -S done
make: Entering directory '/app/src'
Makefile:4: *** missing separator.  Stop.
make: Leaving directory '/app/src'
root@82d0bff62db8:/app# ./src/test_program; tmux wait -S done
bash: ./src/test_program: No such file or directory
root@82d0bff62db8:/app#






